// Jest Snapshot v1, https://goo.gl/fbAQLP

exports[`Wallet renders correctly 1`] = `ShallowWrapper {}`;
